[debug] [2025-07-22T12:36:10.890Z] ----------------------------------------------------------------------
[debug] [2025-07-22T12:36:10.895Z] Command:       /opt/homebrew/Cellar/node/24.2.0/bin/node /opt/homebrew/bin/firebase appdistribution:distribute android/app/build/outputs/apk/release/app-release.apk --app 1:412278117793:android:30545cc8491db63701e7e0 --release-notes VMSApp for testing bugs - v_1 --testers abhishek.mohan@emmvee.in
[debug] [2025-07-22T12:36:10.895Z] CLI Version:   14.11.0
[debug] [2025-07-22T12:36:10.895Z] Platform:      darwin
[debug] [2025-07-22T12:36:10.895Z] Node Version:  v24.2.0
[debug] [2025-07-22T12:36:10.895Z] Time:          Tue Jul 22 2025 18:06:10 GMT+0530 (India Standard Time)
[debug] [2025-07-22T12:36:10.895Z] ----------------------------------------------------------------------
[debug] 
[debug] [2025-07-22T12:36:10.896Z] >>> [apiv2][query] GET https://firebase-public.firebaseio.com/cli.json [none]
[debug] [2025-07-22T12:36:10.916Z] > command requires scopes: ["email","openid","https://www.googleapis.com/auth/cloudplatformprojects.readonly","https://www.googleapis.com/auth/firebase","https://www.googleapis.com/auth/cloud-platform"]
[debug] [2025-07-22T12:36:10.916Z] > authorizing via signed-in user (anjaneyulureddy64@gmail.com)
[info] i  uploading binary... 
[debug] [2025-07-22T12:36:10.917Z] Checked if tokens are valid: false, expires at: 1753076376357
[debug] [2025-07-22T12:36:10.917Z] Checked if tokens are valid: false, expires at: 1753076376357
[debug] [2025-07-22T12:36:10.917Z] > refreshing access token with scopes: []
[debug] [2025-07-22T12:36:10.917Z] >>> [apiv2][query] POST https://www.googleapis.com/oauth2/v3/token [none]
[debug] [2025-07-22T12:36:10.917Z] >>> [apiv2][body] POST https://www.googleapis.com/oauth2/v3/token [omitted]
[debug] [2025-07-22T12:36:11.171Z] <<< [apiv2][status] POST https://www.googleapis.com/oauth2/v3/token 200
[debug] [2025-07-22T12:36:11.171Z] <<< [apiv2][body] POST https://www.googleapis.com/oauth2/v3/token [omitted]
[debug] [2025-07-22T12:36:11.192Z] >>> [apiv2][query] POST https://firebaseappdistribution.googleapis.com/upload/v1/projects/412278117793/apps/1:412278117793:android:30545cc8491db63701e7e0/releases:upload [none]
[debug] [2025-07-22T12:36:11.192Z] >>> [apiv2][body] POST https://firebaseappdistribution.googleapis.com/upload/v1/projects/412278117793/apps/1:412278117793:android:30545cc8491db63701e7e0/releases:upload [stream]
[debug] [2025-07-22T12:36:11.604Z] <<< [apiv2][status] GET https://firebase-public.firebaseio.com/cli.json 200
[debug] [2025-07-22T12:36:11.605Z] <<< [apiv2][body] GET https://firebase-public.firebaseio.com/cli.json {"cloudBuildErrorAfter":1594252800000,"cloudBuildWarnAfter":1590019200000,"defaultNode10After":1594252800000,"minVersion":"3.0.5","node8DeploysDisabledAfter":1613390400000,"node8RuntimeDisabledAfter":1615809600000,"node8WarnAfter":1600128000000}
